Running on fat01.cluster
CPUs: 8  RAM: 524288

Running for 5 qubits
  Layers = 1, Fidelity = 0.943546
  Layers = 2, Fidelity = 0.989702
  Layers = 3, Fidelity = 0.991384
  Layers = 4, Fidelity = 0.993358
  Layers = 5, Fidelity = 0.994860
  Layers = 6, Fidelity = 0.993227
  Layers = 7, Fidelity = 0.994936
  Layers = 8, Fidelity = 0.996142
  Layers = 9, Fidelity = 0.996393
  Layers = 10, Fidelity = 0.997583
  Layers = 11, Fidelity = 0.998868
  Layers = 12, Fidelity = 0.999081
  Threshold reached at layer 12, Fidelity = 0.999081

Running for 6 qubits
  Layers = 1, Fidelity = 0.965352
  Layers = 2, Fidelity = 0.975292
  Layers = 3, Fidelity = 0.981020
  Layers = 4, Fidelity = 0.989113
  Layers = 5, Fidelity = 0.993007
  Layers = 6, Fidelity = 0.993718
  Layers = 7, Fidelity = 0.994728
  Layers = 8, Fidelity = 0.998094
  Layers = 9, Fidelity = 0.998341
  Layers = 10, Fidelity = 0.998703
  Layers = 11, Fidelity = 0.998572
  Layers = 12, Fidelity = 0.998890
  Layers = 13, Fidelity = 0.999077
  Threshold reached at layer 13, Fidelity = 0.999077

Running for 7 qubits
  Layers = 1, Fidelity = 0.981612
  Layers = 2, Fidelity = 0.988690
  Layers = 3, Fidelity = 0.994540
  Layers = 4, Fidelity = 0.994989
  Layers = 5, Fidelity = 0.997407
  Layers = 6, Fidelity = 0.997601
  Layers = 7, Fidelity = 0.998113
  Layers = 8, Fidelity = 0.998802
  Layers = 9, Fidelity = 0.999484
  Threshold reached at layer 9, Fidelity = 0.999484

Running for 8 qubits
  Layers = 1, Fidelity = 0.990548
  Layers = 2, Fidelity = 0.992573
  Layers = 3, Fidelity = 0.997317
  Layers = 4, Fidelity = 0.997664
  Layers = 5, Fidelity = 0.998262
  Layers = 6, Fidelity = 0.998680
  Layers = 7, Fidelity = 0.998856
  Layers = 8, Fidelity = 0.999405
  Threshold reached at layer 8, Fidelity = 0.999405

Running for 9 qubits
  Layers = 1, Fidelity = 0.995195
  Layers = 2, Fidelity = 0.998252
  Layers = 3, Fidelity = 0.998424
  Layers = 4, Fidelity = 0.998381
  Layers = 5, Fidelity = 0.995387
  Layers = 6, Fidelity = 0.996273
  Layers = 7, Fidelity = 0.997036
  Layers = 8, Fidelity = 0.992409
  Layers = 9, Fidelity = 0.994118
  Layers = 10, Fidelity = 0.985893
  Layers = 11, Fidelity = 0.981050
  Layers = 12, Fidelity = 0.978559
  Layers = 13, Fidelity = 0.985731
  Layers = 14, Fidelity = 0.985643
  Layers = 15, Fidelity = 0.985564
  Layers = 16, Fidelity = 0.995990
  Layers = 17, Fidelity = 0.999442
  Threshold reached at layer 17, Fidelity = 0.999442

Running for 10 qubits
  Layers = 1, Fidelity = 0.997572
  Layers = 2, Fidelity = 0.999067
  Threshold reached at layer 2, Fidelity = 0.999067

Running for 11 qubits
  Layers = 1, Fidelity = 0.998777
  Layers = 2, Fidelity = 0.999474
  Threshold reached at layer 2, Fidelity = 0.999474

Running for 12 qubits
  Layers = 1, Fidelity = 0.999386
  Threshold reached at layer 1, Fidelity = 0.999386

Running for 13 qubits
  Layers = 1, Fidelity = 0.999692
  Threshold reached at layer 1, Fidelity = 0.999692

Saved results to results_sharp_symmetric/mps_sharp_symmetric_results.csv

Summary
Qubits = 5, Layer = 12, Fidelity = 0.9990809293483256
Qubits = 6, Layer = 13, Fidelity = 0.9990769744039328
Qubits = 7, Layer = 9, Fidelity = 0.9994841932465003
Qubits = 8, Layer = 8, Fidelity = 0.9994046066978945
Qubits = 9, Layer = 17, Fidelity = 0.9994416089059095
Qubits = 10, Layer = 2, Fidelity = 0.9990666770729054
Qubits = 11, Layer = 2, Fidelity = 0.9994740139377462
Qubits = 12, Layer = 1, Fidelity = 0.9993860039915299
Qubits = 13, Layer = 1, Fidelity = 0.9996921157217921
Saved amplitude plot for 5 qubits
Saved amplitude plot for 6 qubits
Saved amplitude plot for 7 qubits
Saved amplitude plot for 8 qubits
Saved amplitude plot for 9 qubits
Saved amplitude plot for 10 qubits
Saved amplitude plot for 11 qubits
Saved amplitude plot for 12 qubits
Saved amplitude plot for 13 qubits

All plots saved in: results_sharp_symmetric

==========================
Total runtime: 124.16 seconds
Total runtime: 2.07 minutes
==========================
