Running on fat01.cluster
CPUs: 8  RAM: 524288
Plots will be saved in: /home/ri52yof/QCproject2/sin_quimb_schmidt_target_chi_9q

Building Gaussian target state
alpha: 1113214416.0132623
n_qubits: 9
Nx: 512
norm psi: 1.0
min |psi|: 0.0
max |psi|: 0.09465209884091713
Saved: sin_quimb_schmidt_target_chi_9q/gaussian_signal_9_qubits.png

Target psi Quimb MPS
Bond profile: [2, 4, 8, 14, 12, 8, 4, 2]
Max bond dimension: 14

Target Schmidt coefficients from Quimb

Cut: 1
Target Schmidt values: [0.938532 0.061468]
Nonzero count: 2

Cut: 2
Target Schmidt values: [9.22410791e-01 4.05137761e-02 3.68518676e-02 2.23564827e-04]
Nonzero count: 4

Cut: 3
Target Schmidt values: [9.17127021e-01 4.01876354e-02 3.99674755e-02 2.63459134e-03
 4.96819774e-05 1.75503579e-05 1.60026622e-05 4.13829573e-08]
Nonzero count: 8

Cut: 4
Target Schmidt values: [9.36778037e-01 5.98157922e-02 2.68927336e-03 4.05361451e-04
 2.73593040e-04 3.76510169e-05 2.75089834e-07 1.20189181e-08
 4.78668876e-09 1.98513730e-10 1.20615056e-10 5.86378560e-13
 4.54714460e-14 1.88129868e-14]
Nonzero count: 14

Cut: 5
Target Schmidt values: [9.83526890e-01 1.55326481e-02 7.03808537e-04 2.17066221e-04
 1.94911204e-05 8.08551590e-08 1.42250299e-08 5.35471884e-10
 2.78233245e-12 6.71853431e-14 1.10017115e-14 1.25869364e-16]
Nonzero count: 12

Cut: 6
Target Schmidt values: [9.95753248e-01 3.93072686e-03 3.13453340e-04 1.49410016e-06
 1.05168650e-06 2.60175614e-08 1.88153285e-11 4.84470958e-13]
Nonzero count: 8

Cut: 7
Target Schmidt values: [9.98752139e-01 1.24605167e-03 1.68414508e-06 1.25615800e-07]
Nonzero count: 4

Cut: 8
Target Schmidt values: [9.99744033e-01 2.55967060e-04]
Nonzero count: 2

======================================================================
number_of_layers: 0
======================================================================
Fidelity chi with |000...0>: 0.0017125727104647878
Chi bond profile: [2, 4, 8, 14, 12, 8, 4, 2]
Chi max bond dimension: 14
Circuit depth: 0
Circuit size: 0
Cut 1: Schmidt count = 2 | largest = 0.9385320013955022 | smallest nonzero = 0.061467998604494596
Cut 2: Schmidt count = 4 | largest = 0.9224107914459564 | smallest nonzero = 0.0002235648274445442
Cut 3: Schmidt count = 8 | largest = 0.9171270213239907 | smallest nonzero = 4.138295727244535e-08
Cut 4: Schmidt count = 14 | largest = 0.9367780367255287 | smallest nonzero = 1.8812986755499378e-14
Cut 5: Schmidt count = 12 | largest = 0.983526890391769 | smallest nonzero = 1.2586936384690752e-16
Cut 6: Schmidt count = 8 | largest = 0.9957532479808345 | smallest nonzero = 4.844709582976058e-13
Cut 7: Schmidt count = 4 | largest = 0.9987521385691055 | smallest nonzero = 1.256158004706576e-07
Cut 8: Schmidt count = 2 | largest = 0.999744032940112 | smallest nonzero = 0.00025596705988646423

======================================================================
number_of_layers: 1
======================================================================
Fidelity chi with |000...0>: 0.9572854933903344
Chi bond profile: [2, 4, 8, 16, 16, 8, 4, 2]
Chi max bond dimension: 16
Circuit depth: 11
Circuit size: 18
Cut 1: Schmidt count = 2 | largest = 0.9845615727856198 | smallest nonzero = 0.015438427214380749
Cut 2: Schmidt count = 4 | largest = 0.9722361193031451 | smallest nonzero = 0.0051402810880755235
Cut 3: Schmidt count = 8 | largest = 0.9671951616777411 | smallest nonzero = 0.00011539085998487444
Cut 4: Schmidt count = 16 | largest = 0.9646791079859471 | smallest nonzero = 1.0988528208283261e-07
Cut 5: Schmidt count = 16 | largest = 0.9929312293857715 | smallest nonzero = 1.4273838075731597e-10
Cut 6: Schmidt count = 8 | largest = 0.9976002127568371 | smallest nonzero = 2.9075797752259397e-08
Cut 7: Schmidt count = 4 | largest = 0.9975719742893305 | smallest nonzero = 4.117165777994854e-07
Cut 8: Schmidt count = 2 | largest = 0.9999907784276494 | smallest nonzero = 9.221572351054262e-06

======================================================================
number_of_layers: 2
======================================================================
Fidelity chi with |000...0>: 0.968286355012051
Chi bond profile: [2, 4, 8, 16, 16, 8, 4, 2]
Chi max bond dimension: 16
Circuit depth: 13
Circuit size: 27
Cut 1: Schmidt count = 2 | largest = 0.9941361879781077 | smallest nonzero = 0.005863812021891189
Cut 2: Schmidt count = 4 | largest = 0.979995883331528 | smallest nonzero = 0.0015565619164287742
Cut 3: Schmidt count = 8 | largest = 0.9782968573562113 | smallest nonzero = 7.891940526430743e-05
Cut 4: Schmidt count = 16 | largest = 0.9784853258200203 | smallest nonzero = 3.845916577002561e-07
Cut 5: Schmidt count = 16 | largest = 0.9943269903837793 | smallest nonzero = 1.4943861597253005e-09
Cut 6: Schmidt count = 8 | largest = 0.9977941933855686 | smallest nonzero = 2.8257489201786465e-08
Cut 7: Schmidt count = 4 | largest = 0.9986064011569877 | smallest nonzero = 1.4432828598081827e-06
Cut 8: Schmidt count = 2 | largest = 0.9999888260726517 | smallest nonzero = 1.117392734878374e-05

======================================================================
number_of_layers: 3
======================================================================
Fidelity chi with |000...0>: 0.9759632107247053
Chi bond profile: [2, 4, 8, 16, 16, 8, 4, 2]
Chi max bond dimension: 16
Circuit depth: 15
Circuit size: 36
Cut 1: Schmidt count = 2 | largest = 0.9979177164271429 | smallest nonzero = 0.0020822835728577173
Cut 2: Schmidt count = 4 | largest = 0.9840627580062467 | smallest nonzero = 0.0006163612055508298
Cut 3: Schmidt count = 8 | largest = 0.9805857622128009 | smallest nonzero = 3.5888211002836324e-05
Cut 4: Schmidt count = 16 | largest = 0.9815407413942879 | smallest nonzero = 4.022762635026657e-07
Cut 5: Schmidt count = 16 | largest = 0.9930611846018159 | smallest nonzero = 7.471193155111816e-09
Cut 6: Schmidt count = 8 | largest = 0.9947994962288944 | smallest nonzero = 6.811656009029946e-07
Cut 7: Schmidt count = 4 | largest = 0.9977780219633116 | smallest nonzero = 3.068790496042317e-06
Cut 8: Schmidt count = 2 | largest = 0.9994577122629796 | smallest nonzero = 0.0005422877370201645

======================================================================
number_of_layers: 4
======================================================================
Fidelity chi with |000...0>: 0.964578574171997
Chi bond profile: [2, 4, 8, 16, 16, 8, 4, 2]
Chi max bond dimension: 16
Circuit depth: 17
Circuit size: 45
Cut 1: Schmidt count = 2 | largest = 0.998942896551414 | smallest nonzero = 0.001057103448585511
Cut 2: Schmidt count = 4 | largest = 0.9911351558368476 | smallest nonzero = 0.00042395608477953665
Cut 3: Schmidt count = 8 | largest = 0.9819156561866682 | smallest nonzero = 8.31786705751748e-05
Cut 4: Schmidt count = 16 | largest = 0.9820695925756155 | smallest nonzero = 4.99086355777929e-07
Cut 5: Schmidt count = 16 | largest = 0.9892151751220017 | smallest nonzero = 4.723774403205211e-08
Cut 6: Schmidt count = 8 | largest = 0.9909368046055933 | smallest nonzero = 9.105697638126513e-07
Cut 7: Schmidt count = 4 | largest = 0.990022960691856 | smallest nonzero = 2.9467666920135858e-06
Cut 8: Schmidt count = 2 | largest = 0.9998383247475899 | smallest nonzero = 0.00016167525241006874

======================================================================
number_of_layers: 5
======================================================================
Fidelity chi with |000...0>: 0.9382167126972665
Chi bond profile: [2, 4, 8, 16, 16, 8, 4, 2]
Chi max bond dimension: 16
Circuit depth: 19
Circuit size: 54
Cut 1: Schmidt count = 2 | largest = 0.9991731424611202 | smallest nonzero = 0.0008268575388822486
Cut 2: Schmidt count = 4 | largest = 0.9905430139610522 | smallest nonzero = 0.0003024865702126615
Cut 3: Schmidt count = 8 | largest = 0.9850495647649423 | smallest nonzero = 8.365744215954576e-05
Cut 4: Schmidt count = 16 | largest = 0.9808693645415286 | smallest nonzero = 6.520241136095206e-07
Cut 5: Schmidt count = 16 | largest = 0.9784087840196024 | smallest nonzero = 6.62116926495179e-08
Cut 6: Schmidt count = 8 | largest = 0.989066331912173 | smallest nonzero = 1.0458515763182003e-06
Cut 7: Schmidt count = 4 | largest = 0.9940959920989803 | smallest nonzero = 7.598306155228076e-06
Cut 8: Schmidt count = 2 | largest = 0.9999228863948013 | smallest nonzero = 7.711360520048843e-05

======================================================================
number_of_layers: 6
======================================================================
Fidelity chi with |000...0>: 0.9651272372528094
Chi bond profile: [2, 4, 8, 16, 16, 8, 4, 2]
Chi max bond dimension: 16
Circuit depth: 21
Circuit size: 63
Cut 1: Schmidt count = 2 | largest = 0.9993952901434963 | smallest nonzero = 0.0006047098565042263
Cut 2: Schmidt count = 4 | largest = 0.9877426886876504 | smallest nonzero = 0.00023644786990455844
Cut 3: Schmidt count = 8 | largest = 0.9840589479204488 | smallest nonzero = 7.805573405993947e-05
Cut 4: Schmidt count = 16 | largest = 0.9811502965568475 | smallest nonzero = 9.268944813047838e-07
Cut 5: Schmidt count = 16 | largest = 0.9795351380248268 | smallest nonzero = 1.7717436521226285e-07
Cut 6: Schmidt count = 8 | largest = 0.9847222225737927 | smallest nonzero = 1.7378707295995154e-06
Cut 7: Schmidt count = 4 | largest = 0.9913887210820707 | smallest nonzero = 1.6209398816896757e-05
Cut 8: Schmidt count = 2 | largest = 0.9996193907601117 | smallest nonzero = 0.00038060923988857804

======================================================================
number_of_layers: 7
======================================================================
Fidelity chi with |000...0>: 0.9690161439657973
Chi bond profile: [2, 4, 8, 16, 16, 8, 4, 2]
Chi max bond dimension: 16
Circuit depth: 23
Circuit size: 72
Cut 1: Schmidt count = 2 | largest = 0.999550023525518 | smallest nonzero = 0.00044997647447980895
Cut 2: Schmidt count = 4 | largest = 0.9874702192257122 | smallest nonzero = 0.00020987650239224695
Cut 3: Schmidt count = 8 | largest = 0.981709293956453 | smallest nonzero = 6.159582883828985e-05
Cut 4: Schmidt count = 16 | largest = 0.9809412475048056 | smallest nonzero = 3.719867292557144e-07
Cut 5: Schmidt count = 16 | largest = 0.9788423850065098 | smallest nonzero = 2.1849983791711666e-07
Cut 6: Schmidt count = 8 | largest = 0.978076747984267 | smallest nonzero = 2.1776824804801147e-06
Cut 7: Schmidt count = 4 | largest = 0.9856157010072136 | smallest nonzero = 1.7882094979993738e-05
Cut 8: Schmidt count = 2 | largest = 0.9998973039103688 | smallest nonzero = 0.00010269608963052618

======================================================================
number_of_layers: 8
======================================================================
Fidelity chi with |000...0>: 0.9304562876643693
Chi bond profile: [2, 4, 8, 16, 16, 8, 4, 2]
Chi max bond dimension: 16
Circuit depth: 25
Circuit size: 81
Cut 1: Schmidt count = 2 | largest = 0.9995988313874906 | smallest nonzero = 0.00040116861250637047
Cut 2: Schmidt count = 4 | largest = 0.9845526523740105 | smallest nonzero = 0.00015513625952247147
Cut 3: Schmidt count = 8 | largest = 0.9779234849315855 | smallest nonzero = 6.343735369602323e-05
Cut 4: Schmidt count = 16 | largest = 0.9741673739143547 | smallest nonzero = 2.8922633242433104e-07
Cut 5: Schmidt count = 16 | largest = 0.9749824228630769 | smallest nonzero = 3.6050521762880127e-07
Cut 6: Schmidt count = 8 | largest = 0.9742647995492303 | smallest nonzero = 8.168859964281076e-06
Cut 7: Schmidt count = 4 | largest = 0.9493129154824789 | smallest nonzero = 4.143817753756093e-05
Cut 8: Schmidt count = 2 | largest = 0.9994216977247407 | smallest nonzero = 0.0005783022752584358

======================================================================
number_of_layers: 9
======================================================================
Fidelity chi with |000...0>: 0.956598466460207
Chi bond profile: [2, 4, 8, 16, 16, 8, 4, 2]
Chi max bond dimension: 16
Circuit depth: 27
Circuit size: 90
Cut 1: Schmidt count = 2 | largest = 0.9996476584383995 | smallest nonzero = 0.00035234156160354876
Cut 2: Schmidt count = 4 | largest = 0.9721395645362182 | smallest nonzero = 0.00012215825338103236
Cut 3: Schmidt count = 8 | largest = 0.9658284295139407 | smallest nonzero = 4.6933770109124975e-05
Cut 4: Schmidt count = 16 | largest = 0.96261446641877 | smallest nonzero = 6.050143190372838e-07
Cut 5: Schmidt count = 16 | largest = 0.9645188723492306 | smallest nonzero = 3.4853319136702e-07
Cut 6: Schmidt count = 8 | largest = 0.9706175956960681 | smallest nonzero = 1.0389385721493786e-05
Cut 7: Schmidt count = 4 | largest = 0.9795336439687434 | smallest nonzero = 5.509006065427125e-05
Cut 8: Schmidt count = 2 | largest = 0.9996363551380704 | smallest nonzero = 0.0003636448619312718

======================================================================
number_of_layers: 10
======================================================================
Fidelity chi with |000...0>: 0.9431765814346847
Chi bond profile: [2, 4, 8, 16, 16, 8, 4, 2]
Chi max bond dimension: 16
Circuit depth: 29
Circuit size: 99
Cut 1: Schmidt count = 2 | largest = 0.9996972515482185 | smallest nonzero = 0.0003027484517835507
Cut 2: Schmidt count = 4 | largest = 0.9795668307479705 | smallest nonzero = 0.00013741553740664433
Cut 3: Schmidt count = 8 | largest = 0.9632147315961216 | smallest nonzero = 3.911573632886104e-05
Cut 4: Schmidt count = 16 | largest = 0.9622177890883127 | smallest nonzero = 7.8980590406778e-07
Cut 5: Schmidt count = 16 | largest = 0.9621006272464964 | smallest nonzero = 8.253706177045288e-07
Cut 6: Schmidt count = 8 | largest = 0.9660604987576441 | smallest nonzero = 3.08124561816827e-05
Cut 7: Schmidt count = 4 | largest = 0.9743607375377881 | smallest nonzero = 0.00023124709220019446
Cut 8: Schmidt count = 2 | largest = 0.9974786168547459 | smallest nonzero = 0.0025213831452557053

======================================================================
number_of_layers: 11
======================================================================
Fidelity chi with |000...0>: 0.9549705054536899
Chi bond profile: [2, 4, 8, 16, 16, 8, 4, 2]
Chi max bond dimension: 16
Circuit depth: 31
Circuit size: 108
Cut 1: Schmidt count = 2 | largest = 0.9997335019666558 | smallest nonzero = 0.00026649803334141887
Cut 2: Schmidt count = 4 | largest = 0.9739853645339982 | smallest nonzero = 0.00012193692379186484
Cut 3: Schmidt count = 8 | largest = 0.9647291538692925 | smallest nonzero = 3.730759898621232e-05
Cut 4: Schmidt count = 16 | largest = 0.9591383754235925 | smallest nonzero = 7.354739148113867e-07
Cut 5: Schmidt count = 16 | largest = 0.9594998954375316 | smallest nonzero = 1.354794925500065e-06
Cut 6: Schmidt count = 8 | largest = 0.9642879361185642 | smallest nonzero = 5.651280891166594e-05
Cut 7: Schmidt count = 4 | largest = 0.9757728083894045 | smallest nonzero = 0.0006981687301213756
Cut 8: Schmidt count = 2 | largest = 0.9975348454175158 | smallest nonzero = 0.0024651545824835998

======================================================================
number_of_layers: 12
======================================================================
Fidelity chi with |000...0>: 0.9536420988579725
Chi bond profile: [2, 4, 8, 16, 16, 8, 4, 2]
Chi max bond dimension: 16
Circuit depth: 33
Circuit size: 117
Cut 1: Schmidt count = 2 | largest = 0.999779393221799 | smallest nonzero = 0.00022060677820440202
Cut 2: Schmidt count = 4 | largest = 0.972651577074838 | smallest nonzero = 9.511222281980152e-05
Cut 3: Schmidt count = 8 | largest = 0.9652977451885656 | smallest nonzero = 3.0265661552299502e-05
Cut 4: Schmidt count = 16 | largest = 0.9636324936006784 | smallest nonzero = 1.317255451148917e-06
Cut 5: Schmidt count = 16 | largest = 0.9642740041025482 | smallest nonzero = 7.167242765192241e-06
Cut 6: Schmidt count = 8 | largest = 0.9684296250711314 | smallest nonzero = 0.00021772116537174143
Cut 7: Schmidt count = 4 | largest = 0.9748786620639665 | smallest nonzero = 0.0008810005508670782
Cut 8: Schmidt count = 2 | largest = 0.9950274469389768 | smallest nonzero = 0.004972553061026154

======================================================================
number_of_layers: 13
======================================================================
Fidelity chi with |000...0>: 0.8971331597905957
Chi bond profile: [2, 4, 8, 16, 16, 8, 4, 2]
Chi max bond dimension: 16
Circuit depth: 35
Circuit size: 126
Cut 1: Schmidt count = 2 | largest = 0.999815278744273 | smallest nonzero = 0.00018472125572548825
Cut 2: Schmidt count = 4 | largest = 0.9806938887357974 | smallest nonzero = 7.517297577982675e-05
Cut 3: Schmidt count = 8 | largest = 0.9640306004164082 | smallest nonzero = 2.2641460097485368e-05
Cut 4: Schmidt count = 16 | largest = 0.9611400418177817 | smallest nonzero = 1.6729614231061303e-06
Cut 5: Schmidt count = 16 | largest = 0.9625233197135481 | smallest nonzero = 3.97576287232673e-06
Cut 6: Schmidt count = 8 | largest = 0.9644341173319946 | smallest nonzero = 0.0005253218291379864
Cut 7: Schmidt count = 4 | largest = 0.973900193376114 | smallest nonzero = 0.0016149802566211425
Cut 8: Schmidt count = 2 | largest = 0.9948240409596826 | smallest nonzero = 0.0051759590403172365

======================================================================
number_of_layers: 14
======================================================================
Fidelity chi with |000...0>: 0.9450738027824321
Chi bond profile: [2, 4, 8, 16, 16, 8, 4, 2]
Chi max bond dimension: 16
Circuit depth: 37
Circuit size: 135
Cut 1: Schmidt count = 2 | largest = 0.9998306727235439 | smallest nonzero = 0.00016932727645331444
Cut 2: Schmidt count = 4 | largest = 0.9708828208803023 | smallest nonzero = 7.817305121994961e-05
Cut 3: Schmidt count = 8 | largest = 0.9638699356532708 | smallest nonzero = 2.7491076605294158e-05
Cut 4: Schmidt count = 16 | largest = 0.9573020122819895 | smallest nonzero = 1.2724227805668596e-06
Cut 5: Schmidt count = 16 | largest = 0.9560043033205844 | smallest nonzero = 3.7093120849515378e-06
Cut 6: Schmidt count = 8 | largest = 0.960516460837123 | smallest nonzero = 0.0005132546438756714
Cut 7: Schmidt count = 4 | largest = 0.968241479282293 | smallest nonzero = 0.0020112580850134235
Cut 8: Schmidt count = 2 | largest = 0.994692481690741 | smallest nonzero = 0.0053075183092573435

======================================================================
number_of_layers: 15
======================================================================
Fidelity chi with |000...0>: 0.9323042858484043
Chi bond profile: [2, 4, 8, 16, 16, 8, 4, 2]
Chi max bond dimension: 16
Circuit depth: 39
Circuit size: 144
Cut 1: Schmidt count = 2 | largest = 0.9998491971744882 | smallest nonzero = 0.00015080282551388515
Cut 2: Schmidt count = 4 | largest = 0.9750965808429888 | smallest nonzero = 6.584857612404072e-05
Cut 3: Schmidt count = 8 | largest = 0.962678463364528 | smallest nonzero = 1.465244604010171e-05
Cut 4: Schmidt count = 16 | largest = 0.9613267117381616 | smallest nonzero = 1.6638110167758413e-06
Cut 5: Schmidt count = 16 | largest = 0.9601733090856303 | smallest nonzero = 9.148366938533574e-06
Cut 6: Schmidt count = 8 | largest = 0.9643469769957771 | smallest nonzero = 0.0006034717437925866
Cut 7: Schmidt count = 4 | largest = 0.9711871952600449 | smallest nonzero = 0.0022408025563844295
Cut 8: Schmidt count = 2 | largest = 0.9932322437104901 | smallest nonzero = 0.006767756289509862

======================================================================
number_of_layers: 16
======================================================================
Fidelity chi with |000...0>: 0.9554280981388776
Chi bond profile: [2, 4, 8, 16, 16, 8, 4, 2]
Chi max bond dimension: 16
Circuit depth: 41
Circuit size: 153
Cut 1: Schmidt count = 2 | largest = 0.9998632317639451 | smallest nonzero = 0.00013676823605768816
Cut 2: Schmidt count = 4 | largest = 0.9793496908461584 | smallest nonzero = 5.2380682028966964e-05
Cut 3: Schmidt count = 8 | largest = 0.9668974077493176 | smallest nonzero = 2.0182149094507344e-05
Cut 4: Schmidt count = 16 | largest = 0.9595862274244634 | smallest nonzero = 1.5673896469058553e-06
Cut 5: Schmidt count = 16 | largest = 0.9601419263421442 | smallest nonzero = 4.695498597401591e-06
Cut 6: Schmidt count = 8 | largest = 0.9627922815545342 | smallest nonzero = 0.0007186814161631773
Cut 7: Schmidt count = 4 | largest = 0.974328708409166 | smallest nonzero = 0.0018169037634869578
Cut 8: Schmidt count = 2 | largest = 0.993288402686636 | smallest nonzero = 0.006711597313364216

======================================================================
number_of_layers: 17
======================================================================
Fidelity chi with |000...0>: 0.9246570592142086
Chi bond profile: [2, 4, 8, 16, 16, 8, 4, 2]
Chi max bond dimension: 16
Circuit depth: 43
Circuit size: 162
Cut 1: Schmidt count = 2 | largest = 0.9998850084360449 | smallest nonzero = 0.00011499156395608171
Cut 2: Schmidt count = 4 | largest = 0.9762725799261033 | smallest nonzero = 4.915387120504755e-05
Cut 3: Schmidt count = 8 | largest = 0.9653577041526984 | smallest nonzero = 1.9402860680061544e-05
Cut 4: Schmidt count = 16 | largest = 0.9608250569267435 | smallest nonzero = 1.9424487522917157e-06
Cut 5: Schmidt count = 16 | largest = 0.9579806153813857 | smallest nonzero = 4.7381614664283585e-06
Cut 6: Schmidt count = 8 | largest = 0.959261978194965 | smallest nonzero = 0.0008286821063014506
Cut 7: Schmidt count = 4 | largest = 0.9675401058288978 | smallest nonzero = 0.002686990574099181
Cut 8: Schmidt count = 2 | largest = 0.9856274383127531 | smallest nonzero = 0.014372561687246639

======================================================================
number_of_layers: 18
======================================================================
Fidelity chi with |000...0>: 0.9529196373217785
Chi bond profile: [2, 4, 8, 16, 16, 8, 4, 2]
Chi max bond dimension: 16
Circuit depth: 45
Circuit size: 171
Cut 1: Schmidt count = 2 | largest = 0.9998966625375707 | smallest nonzero = 0.00010333746242871922
Cut 2: Schmidt count = 4 | largest = 0.9772762771900336 | smallest nonzero = 4.370177181343426e-05
Cut 3: Schmidt count = 8 | largest = 0.965617200144338 | smallest nonzero = 1.681938337439537e-05
Cut 4: Schmidt count = 16 | largest = 0.9606160983719225 | smallest nonzero = 2.5138873957558248e-06
Cut 5: Schmidt count = 16 | largest = 0.9619705065809577 | smallest nonzero = 5.224056185021281e-06
Cut 6: Schmidt count = 8 | largest = 0.9611607378593637 | smallest nonzero = 0.0006964186223508178
Cut 7: Schmidt count = 4 | largest = 0.9732133115687673 | smallest nonzero = 0.0029330247847664625
Cut 8: Schmidt count = 2 | largest = 0.9902790758843176 | smallest nonzero = 0.009720924115679208

======================================================================
number_of_layers: 19
======================================================================
Fidelity chi with |000...0>: 0.858039573910221
Chi bond profile: [2, 4, 8, 16, 16, 8, 4, 2]
Chi max bond dimension: 16
Circuit depth: 47
Circuit size: 180
Cut 1: Schmidt count = 2 | largest = 0.999903756564214 | smallest nonzero = 9.624343578771217e-05
Cut 2: Schmidt count = 4 | largest = 0.9722874670542632 | smallest nonzero = 4.128140778600448e-05
Cut 3: Schmidt count = 8 | largest = 0.9633055096237271 | smallest nonzero = 1.2716123930023951e-05
Cut 4: Schmidt count = 16 | largest = 0.958691155264749 | smallest nonzero = 1.3239319419695004e-06
Cut 5: Schmidt count = 16 | largest = 0.9564126533365744 | smallest nonzero = 1.892054368892328e-05
Cut 6: Schmidt count = 8 | largest = 0.9613553309269076 | smallest nonzero = 0.0010390541227556212
Cut 7: Schmidt count = 4 | largest = 0.9694457481204998 | smallest nonzero = 0.005068132331527494
Cut 8: Schmidt count = 2 | largest = 0.9843714809937172 | smallest nonzero = 0.01562851900628501

======================================================================
number_of_layers: 20
======================================================================
Fidelity chi with |000...0>: 0.9327105920932757
Chi bond profile: [2, 4, 8, 16, 16, 8, 4, 2]
Chi max bond dimension: 16
Circuit depth: 49
Circuit size: 189
Cut 1: Schmidt count = 2 | largest = 0.9999120326616602 | smallest nonzero = 8.796733834189707e-05
Cut 2: Schmidt count = 4 | largest = 0.9770328066839381 | smallest nonzero = 3.544004507786295e-05
Cut 3: Schmidt count = 8 | largest = 0.9609720457190594 | smallest nonzero = 1.4629643414509807e-05
Cut 4: Schmidt count = 16 | largest = 0.9558266795075857 | smallest nonzero = 2.0835550680024974e-06
Cut 5: Schmidt count = 16 | largest = 0.9552238510297342 | smallest nonzero = 1.1064801340076665e-05
Cut 6: Schmidt count = 8 | largest = 0.9563877578232562 | smallest nonzero = 0.002147558712249972
Cut 7: Schmidt count = 4 | largest = 0.9647031653794033 | smallest nonzero = 0.006554288376390139
Cut 8: Schmidt count = 2 | largest = 0.9802687327154715 | smallest nonzero = 0.01973126728452921

Saved summary CSV: sin_quimb_schmidt_target_chi_9q/summary_layers.csv
Saved: sin_quimb_schmidt_target_chi_9q/chi_fidelity_zero_vs_layers_9_qubits.png
Saved: sin_quimb_schmidt_target_chi_9q/chi_max_bond_vs_layers_9_qubits.png

Plotting Schmidt coefficients for cut: 1
Saved: sin_quimb_schmidt_target_chi_9q/quimb_schmidt_cut_1_9_qubits.csv
Saved: sin_quimb_schmidt_target_chi_9q/quimb_schmidt_coefficients_cut_1_9_qubits.png

Plotting Schmidt coefficients for cut: 2
Saved: sin_quimb_schmidt_target_chi_9q/quimb_schmidt_cut_2_9_qubits.csv
Saved: sin_quimb_schmidt_target_chi_9q/quimb_schmidt_coefficients_cut_2_9_qubits.png

Plotting Schmidt coefficients for cut: 3
Saved: sin_quimb_schmidt_target_chi_9q/quimb_schmidt_cut_3_9_qubits.csv
Saved: sin_quimb_schmidt_target_chi_9q/quimb_schmidt_coefficients_cut_3_9_qubits.png

Plotting Schmidt coefficients for cut: 4
Saved: sin_quimb_schmidt_target_chi_9q/quimb_schmidt_cut_4_9_qubits.csv
Saved: sin_quimb_schmidt_target_chi_9q/quimb_schmidt_coefficients_cut_4_9_qubits.png

Plotting Schmidt coefficients for cut: 5
Saved: sin_quimb_schmidt_target_chi_9q/quimb_schmidt_cut_5_9_qubits.csv
Saved: sin_quimb_schmidt_target_chi_9q/quimb_schmidt_coefficients_cut_5_9_qubits.png

Plotting Schmidt coefficients for cut: 6
Saved: sin_quimb_schmidt_target_chi_9q/quimb_schmidt_cut_6_9_qubits.csv
Saved: sin_quimb_schmidt_target_chi_9q/quimb_schmidt_coefficients_cut_6_9_qubits.png

Plotting Schmidt coefficients for cut: 7
Saved: sin_quimb_schmidt_target_chi_9q/quimb_schmidt_cut_7_9_qubits.csv
Saved: sin_quimb_schmidt_target_chi_9q/quimb_schmidt_coefficients_cut_7_9_qubits.png

Plotting Schmidt coefficients for cut: 8
Saved: sin_quimb_schmidt_target_chi_9q/quimb_schmidt_cut_8_9_qubits.csv
Saved: sin_quimb_schmidt_target_chi_9q/quimb_schmidt_coefficients_cut_8_9_qubits.png

Done.
All plots saved in: /home/ri52yof/QCproject2/sin_quimb_schmidt_target_chi_9q
Summary CSV saved as: sin_quimb_schmidt_target_chi_9q/summary_layers.csv
